
bsudhirt@LIN80024365 MINGW64 ~
$ mkdir project_dir

bsudhirt@LIN80024365 MINGW64 ~
$ cd project_dir

bsudhirt@LIN80024365 MINGW64 ~/project_dir
$ git init
Initialized empty Git repository in C:/Users/BSUDHIRT/project_dir/.git/

bsudhirt@LIN80024365 MINGW64 ~/project_dir (master)
$ git status
On branch master

No commits yet

Untracked files:
  (use "git add <file>..." to include in what will be committed)
        HTMLPage1.html

nothing added to commit but untracked files present (use "git add" to track)

bsudhirt@LIN80024365 MINGW64 ~/project_dir (master)
$ git add .

bsudhirt@LIN80024365 MINGW64 ~/project_dir (master)
$ git commit -m "initial commit"
[master (root-commit) 3455807] initial commit
 Committer: Sudhir Takane <bhakti.sudhir-takane@capgemini.com>
Your name and email address were configured automatically based
on your username and hostname. Please check that they are accurate.
You can suppress this message by setting them explicitly:

    git config --global user.name "Your Name"
    git config --global user.email you@example.com

After doing this, you may fix the identity used for this commit with:

    git commit --amend --reset-author

 1 file changed, 11 insertions(+)
 create mode 100644 HTMLPage1.html

bsudhirt@LIN80024365 MINGW64 ~/project_dir (master)
$ touch info.txt

bsudhirt@LIN80024365 MINGW64 ~/project_dir (master)
$ git status
On branch master
Changes not staged for commit:
  (use "git add <file>..." to update what will be committed)
  (use "git restore <file>..." to discard changes in working directory)
        modified:   HTMLPage1.html

Untracked files:
  (use "git add <file>..." to include in what will be committed)
        info.txt

no changes added to commit (use "git add" and/or "git commit -a")

bsudhirt@LIN80024365 MINGW64 ~/project_dir (master)
$ git add .

bsudhirt@LIN80024365 MINGW64 ~/project_dir (master)
$ git commit -m "commit changes"
[master 5aba1d6] commit changes
 Committer: Sudhir Takane <bhakti.sudhir-takane@capgemini.com>
Your name and email address were configured automatically based
on your username and hostname. Please check that they are accurate.
You can suppress this message by setting them explicitly:

    git config --global user.name "Your Name"
    git config --global user.email you@example.com

After doing this, you may fix the identity used for this commit with:

    git commit --amend --reset-author

 2 files changed, 1 insertion(+)
 create mode 100644 info.txt

bsudhirt@LIN80024365 MINGW64 ~/project_dir (master)
$ git add .

bsudhirt@LIN80024365 MINGW64 ~/project_dir (master)
$ git status
On branch master
Changes to be committed:
  (use "git restore --staged <file>..." to unstage)
        new file:   .vs/project_dir/config/applicationhost.config
        new file:   .vs/slnx.sqlite
        modified:   HTMLPage1.html
        deleted:    info.txt


bsudhirt@LIN80024365 MINGW64 ~/project_dir (master)
$ touch .gitingnore

bsudhirt@LIN80024365 MINGW64 ~/project_dir (master)
$ touch gitignore

bsudhirt@LIN80024365 MINGW64 ~/project_dir (master)
$ touch .gitignore

bsudhirt@LIN80024365 MINGW64 ~/project_dir (master)
$ git status
On branch master
Changes to be committed:
  (use "git restore --staged <file>..." to unstage)
        new file:   .vs/project_dir/config/applicationhost.config
        new file:   .vs/slnx.sqlite
        modified:   HTMLPage1.html
        deleted:    info.txt

Changes not staged for commit:
  (use "git add <file>..." to update what will be committed)
  (use "git restore <file>..." to discard changes in working directory)
        modified:   .vs/slnx.sqlite

Untracked files:
  (use "git add <file>..." to include in what will be committed)
        .gitignore


bsudhirt@LIN80024365 MINGW64 ~/project_dir (master)
$ git status
On branch master
Changes to be committed:
  (use "git restore --staged <file>..." to unstage)
        new file:   .vs/project_dir/config/applicationhost.config
        new file:   .vs/slnx.sqlite
        modified:   HTMLPage1.html
        deleted:    info.txt

Changes not staged for commit:
  (use "git add <file>..." to update what will be committed)
  (use "git restore <file>..." to discard changes in working directory)
        modified:   .vs/slnx.sqlite

Untracked files:
  (use "git add <file>..." to include in what will be committed)
        .gitignore


bsudhirt@LIN80024365 MINGW64 ~/project_dir (master)
$ git add .

bsudhirt@LIN80024365 MINGW64 ~/project_dir (master)
$ git status
On branch master
Changes to be committed:
  (use "git restore --staged <file>..." to unstage)
        new file:   .gitignore
        new file:   .vs/project_dir/config/applicationhost.config
        new file:   .vs/slnx.sqlite
        modified:   HTMLPage1.html
        deleted:    info.txt


bsudhirt@LIN80024365 MINGW64 ~/project_dir (master)
$ git commit -a -m "Changes done"
[master 5a61a58] Changes done
 Committer: Sudhir Takane <bhakti.sudhir-takane@capgemini.com>
Your name and email address were configured automatically based
on your username and hostname. Please check that they are accurate.
You can suppress this message by setting them explicitly:

    git config --global user.name "Your Name"
    git config --global user.email you@example.com

After doing this, you may fix the identity used for this commit with:

    git commit --amend --reset-author

 5 files changed, 1027 insertions(+), 1 deletion(-)
 create mode 100644 .gitignore
 create mode 100644 .vs/project_dir/config/applicationhost.config
 create mode 100644 .vs/slnx.sqlite
 delete mode 100644 info.txt

bsudhirt@LIN80024365 MINGW64 ~/project_dir (master)
$ git log
commit 5a61a589cad2a7c1057c7432cb94564fab1c901b (HEAD -> master)
Author: Sudhir Takane <bhakti.sudhir-takane@capgemini.com>
Date:   Thu Dec 29 14:11:29 2022 +0530

    Changes done

commit 5aba1d6370df923f3f1e97421b9e55e3eb03a5d0
Author: Sudhir Takane <bhakti.sudhir-takane@capgemini.com>
Date:   Thu Dec 29 13:49:38 2022 +0530

    commit changes

commit 345580773f5e249f793cbe789e319cf73976efe0
Author: Sudhir Takane <bhakti.sudhir-takane@capgemini.com>
Date:   Thu Dec 29 13:47:51 2022 +0530

    initial commit

bsudhirt@LIN80024365 MINGW64 ~/project_dir (master)
$ git status
On branch master
Changes not staged for commit:
  (use "git add <file>..." to update what will be committed)
  (use "git restore <file>..." to discard changes in working directory)
        modified:   HTMLPage1.html

no changes added to commit (use "git add" and/or "git commit -a")

bsudhirt@LIN80024365 MINGW64 ~/project_dir (master)
$ git revert
usage: git revert [--[no-]edit] [-n] [-m <parent-number>] [-s] [-S[<keyid>]] <commit>...
   or: git revert (--continue | --skip | --abort | --quit)

    --quit                end revert or cherry-pick sequence
    --continue            resume revert or cherry-pick sequence
    --abort               cancel revert or cherry-pick sequence
    --skip                skip current commit and continue
    --cleanup <mode>      how to strip spaces and #comments from message
    -n, --no-commit       don't automatically commit
    -e, --edit            edit the commit message
    -s, --signoff         add a Signed-off-by trailer
    -m, --mainline <parent-number>
                          select mainline parent
    --rerere-autoupdate   update the index with reused conflict resolution if possible
    --strategy <strategy>
                          merge strategy
    -X, --strategy-option <option>
                          option for merge strategy
    -S, --gpg-sign[=<key-id>]
                          GPG sign commit
    --reference           use the 'reference' format to refer to commits


bsudhirt@LIN80024365 MINGW64 ~/project_dir (master)
$ git status
On branch master
Changes not staged for commit:
  (use "git add <file>..." to update what will be committed)
  (use "git restore <file>..." to discard changes in working directory)
        modified:   HTMLPage1.html

no changes added to commit (use "git add" and/or "git commit -a")

bsudhirt@LIN80024365 MINGW64 ~/project_dir (master)
$ git add .

bsudhirt@LIN80024365 MINGW64 ~/project_dir (master)
$ git commit -a -m "commit again"
[master f573cab] commit again
 Committer: Sudhir Takane <bhakti.sudhir-takane@capgemini.com>
Your name and email address were configured automatically based
on your username and hostname. Please check that they are accurate.
You can suppress this message by setting them explicitly:

    git config --global user.name "Your Name"
    git config --global user.email you@example.com

bsudhirt@LIN80024365 MINGW64 ~
$ cd project_dir

bsudhirt@LIN80024365 MINGW64 ~/project_dir (master)
$ git log
commit 49054b667fe15ba4a584767bc5278c7db5fa5df5 (HEAD -> master)
Author: Sudhir Takane <bhakti.sudhir-takane@capgemini.com>
Date:   Thu Dec 29 14:24:56 2022 +0530

    Revert "modified"

    This reverts commit 858ab5b890e73b650604934ae538fd15d97367d9.

commit 858ab5b890e73b650604934ae538fd15d97367d9
Author: Sudhir Takane <bhakti.sudhir-takane@capgemini.com>
Date:   Thu Dec 29 14:24:19 2022 +0530

    modified

commit f573cabdb37cbadd2ec627c97393cab87a297fa1
Author: Sudhir Takane <bhakti.sudhir-takane@capgemini.com>
Date:   Thu Dec 29 14:16:44 2022 +0530

    commit again

commit 5a61a589cad2a7c1057c7432cb94564fab1c901b
Author: Sudhir Takane <bhakti.sudhir-takane@capgemini.com>
Date:   Thu Dec 29 14:11:29 2022 +0530
bsudhirt@LIN80024365 MINGW64 ~
$ cd project_dir

bsudhirt@LIN80024365 MINGW64 ~/project_dir (master)
$ git log
commit 49054b667fe15ba4a584767bc5278c7db5fa5df5 (HEAD -> master)
Author: Sudhir Takane <bhakti.sudhir-takane@capgemini.com>
Date:   Thu Dec 29 14:24:56 2022 +0530

    Revert "modified"

    This reverts commit 858ab5b890e73b650604934ae538fd15d97367d9.

commit 858ab5b890e73b650604934ae538fd15d97367d9
Author: Sudhir Takane <bhakti.sudhir-takane@capgemini.com>
Date:   Thu Dec 29 14:24:19 2022 +0530

    modified

commit f573cabdb37cbadd2ec627c97393cab87a297fa1
Author: Sudhir Takane <bhakti.sudhir-takane@capgemini.com>
Date:   Thu Dec 29 14:16:44 2022 +0530

    commit again

commit 5a61a589cad2a7c1057c7432cb94564fab1c901b
Author: Sudhir Takane <bhakti.sudhir-takane@capgemini.com>
Date:   Thu Dec 29 14:11:29 2022 +0530

bsudhirt@LIN80024365 MINGW64 ~/project_dir (master)
$

bsudhirt@LIN80024365 MINGW64 ~/project_dir (master)
$ git status
On branch master
nothing to commit, working tree clean

bsudhirt@LIN80024365 MINGW64 ~/project_dir (master)
$ git add .

bsudhirt@LIN80024365 MINGW64 ~/project_dir (master)
$ git commit -m "message"
[master c404b9d] message
 Committer: Sudhir Takane <bhakti.sudhir-takane@capgemini.com>
Your name and email address were configured automatically based
on your username and hostname. Please check that they are accurate.
You can suppress this message by setting them explicitly:

    git config --global user.name "Your Name"
    git config --global user.email you@example.com

After doing this, you may fix the identity used for this commit with:

    git commit --amend --reset-author

 1 file changed, 1 insertion(+), 1 deletion(-)

bsudhirt@LIN80024365 MINGW64 ~/project_dir (master)
$ git log
commit c404b9d157eb9fd6cae7e0be408d18c574e4d411 (HEAD -> master)
Author: Sudhir Takane <bhakti.sudhir-takane@capgemini.com>
Date:   Thu Dec 29 14:32:14 2022 +0530

    message

commit 49054b667fe15ba4a584767bc5278c7db5fa5df5
Author: Sudhir Takane <bhakti.sudhir-takane@capgemini.com>
Date:   Thu Dec 29 14:24:56 2022 +0530

    Revert "modified"

    This reverts commit 858ab5b890e73b650604934ae538fd15d97367d9.

commit 858ab5b890e73b650604934ae538fd15d97367d9
Author: Sudhir Takane <bhakti.sudhir-takane@capgemini.com>
Date:   Thu Dec 29 14:24:19 2022 +0530

    modified

commit f573cabdb37cbadd2ec627c97393cab87a297fa1
Author: Sudhir Takane <bhakti.sudhir-takane@capgemini.com>
Date:   Thu Dec 29 14:16:44 2022 +0530

$ git config --global alias.myAdd add

bsudhirt@LIN80024365 MINGW64 ~/project_dir (master)
$ git myAdd .

bsudhirt@LIN80024365 MINGW64 ~/project_dir (master)
$ git commit -m "commit myAdd"
[master 3df417c] commit myAdd
 Committer: Sudhir Takane <bhakti.sudhir-takane@capgemini.com>
Your name and email address were configured automatically based
on your username and hostname. Please check that they are accurate.
You can suppress this message by setting them explicitly:

    git config --global user.name "Your Name"
    git config --global user.email you@example.com

After doing this, you may fix the identity used for this commit with:

    git commit --amend --reset-author

 1 file changed, 1 insertion(+), 1 deletion(-)

bsudhirt@LIN80024365 MINGW64 ~/project_dir (master)
$ git log
commit 3df417ca83574dba53ea0c75fc26d1d2a38424cc (HEAD -> master)
Author: Sudhir Takane <bhakti.sudhir-takane@capgemini.com>
Date:   Thu Dec 29 14:47:17 2022 +0530

    commit myAdd

commit c404b9d157eb9fd6cae7e0be408d18c574e4d411
Author: Sudhir Takane <bhakti.sudhir-takane@capgemini.com>
Date:   Thu Dec 29 14:32:14 2022 +0530

    message

commit 49054b667fe15ba4a584767bc5278c7db5fa5df5
Author: Sudhir Takane <bhakti.sudhir-takane@capgemini.com>
Date:   Thu Dec 29 14:24:56 2022 +0530

    Revert "modified"

    This reverts commit 858ab5b890e73b650604934ae538fd15d97367d9.

commit 858ab5b890e73b650604934ae538fd15d97367d9
Author: Sudhir Takane <bhakti.sudhir-takane@capgemini.com>
Date:   Thu Dec 29 14:24:19 2022 +0530

bsudhirt@LIN80024365 MINGW64 ~/project_dir (master)
$ ^C

bsudhirt@LIN80024365 MINGW64 ~/project_dir (master)
$ git myAdd .
g
bsudhirt@LIN80024365 MINGW64 ~/project_dir (master)
$ git status
On branch master
Changes to be committed:
  (use "git restore --staged <file>..." to unstage)
        modified:   HTMLPage1.html


bsudhirt@LIN80024365 MINGW64 ~/project_dir (master)
$ git commit -m "commit"
[master bff20e7] commit
 Committer: Sudhir Takane <bhakti.sudhir-takane@capgemini.com>
Your name and email address were configured automatically based
on your username and hostname. Please check that they are accurate.
You can suppress this message by setting them explicitly:

    git config --global user.name "Your Name"
    git config --global user.email you@example.com

After doing this, you may fix the identity used for this commit with:

    git commit --amend --reset-author

 1 file changed, 3 insertions(+), 1 deletion(-)
